// Vitest Snapshot v1, https://vitest.dev/guide/snapshot.html

exports[`Dashboard Integration Tests > Dashboard Snapshots > should render dashboard with loading state > dashboard-loading 1`] = `
<div
  class="flex h-full items-center justify-center"
>
  <div
    class="text-center"
  >
    <div
      class="flex flex-col items-center justify-center "
    >
      <div
        class="animate-spin rounded-full border-2 border-gray-300 border-t-blue-600 w-12 h-12"
      />
    </div>
    <p
      class="mt-4 text-gray-600"
    >
      Loading configurations...
    </p>
  </div>
</div>
`;
